Microchip MPLAB XC8 Compiler V1.30 ()

Linker command line:

--edf=D:\Program Files (x86)\Microchip\xc8\v1.30\dat\en_msgs.txt -cs \
  -h+YCQ.sym --cmf=YCQ.cmf -z -Q16F1938 \
  -oC:\Users\HP\AppData\Local\Temp\sgv4.6 -MYCQ.map -E1 -ver=XC8 \
  -ASTACK=02241h-0231fh -pstack=STACK -ACONST=00h-0FFhx64 \
  -ACODE=00h-07FFhx8 -ASTRCODE=00h-03FFFh -AENTRY=00h-0FFhx64 \
  -ASTRING=00h-0FFhx64 -ACOMMON=070h-07Fh -ABANK0=020h-06Fh \
  -ABANK1=0A0h-0EFh -ABANK2=0120h-016Fh -ABANK3=01A0h-01EFh \
  -ABANK4=0220h-026Fh -ABANK5=02A0h-02EFh -ABANK6=0320h-036Fh \
  -ABANK7=03A0h-03EFh -ABANK8=0420h-046Fh -ABANK9=04A0h-04EFh \
  -ABANK10=0520h-056Fh -ABANK11=05A0h-05EFh -ABANK12=0620h-064Fh \
  -ABIGRAM=02000h-023EFh \
  -ARAM=020h-06Fh,0A0h-0EFh,0120h-016Fh,01A0h-01EFh,0220h-026Fh,02A0h-02EFh,0320h-036Fh,03A0h-03EFh,0420h-046Fh,04A0h-04EFh,0520h-056Fh,05A0h-05EFh,0620h-064Fh \
  -AABS1=020h-07Fh,0A0h-0EFh,0120h-016Fh,01A0h-01EFh,0220h-026Fh,02A0h-02EFh,0320h-036Fh,03A0h-03EFh,0420h-046Fh,04A0h-04EFh,0520h-056Fh,05A0h-05EFh,0620h-064Fh \
  -ASFR0=00h-01Fh -ASFR1=080h-09Fh -ASFR2=0100h-011Fh -ASFR3=0180h-019Fh \
  -ASFR4=0200h-021Fh -ASFR5=0280h-029Fh -ASFR6=0300h-031Fh \
  -ASFR7=0380h-039Fh -ASFR8=0400h-041Fh -ASFR9=0480h-049Fh \
  -ASFR10=0500h-051Fh -ASFR11=0580h-059Fh -ASFR12=0600h-061Fh \
  -ASFR13=0680h-06EFh -ASFR14=0700h-076Fh -ASFR15=0780h-07EFh \
  -ASFR16=0800h-086Fh -ASFR17=0880h-08EFh -ASFR18=0900h-096Fh \
  -ASFR19=0980h-09EFh -ASFR20=0A00h-0A6Fh -ASFR21=0A80h-0AEFh \
  -ASFR22=0B00h-0B6Fh -ASFR23=0B80h-0BEFh -ASFR24=0C00h-0C6Fh \
  -ASFR25=0C80h-0CEFh -ASFR26=0D00h-0D6Fh -ASFR27=0D80h-0DEFh \
  -ASFR28=0E00h-0E6Fh -ASFR29=0E80h-0EEFh -ASFR30=0F00h-0F6Fh \
  -ASFR31=0F80h-0FEFh -preset_vec=00h,intentry=04h,init,end_init \
  -ppowerup=CODE -pcinit=CODE -pfunctab=CODE -ACONFIG=08007h-08008h \
  -pconfig=CONFIG -DCONFIG=2 -AIDLOC=08000h-08003h -pidloc=IDLOC -DIDLOC=2 \
  -AEEDATA=00h-0FFh/0F000h -peeprom_data=EEDATA -DEEDATA=2 -DCODE=2 \
  -DSTRCODE=2 -DSTRING=2 -DCONST=2 -DENTRY=2 -k \
  C:\Users\HP\AppData\Local\Temp\sgv4.obj YCQ.obj 

Object code version is 3.11

Machine type is 16F1938



                Name                               Link     Load   Length Selector   Space Scale
C:\Users\HP\AppData\Local\Temp\sgv4.obj
                end_init                            126      126        2        8       0
                reset_vec                             0        0        2        0       0
                config                             8007     8007        2    1000E       0
YCQ.obj         cinit                               81F      81F      7E1     103E       0
                intentry                              4        4      122        8       0
                eeprom_data                           0     F000       18    1E000       3
                text17_split_2                     310D     310D      6F3     621A       0
                text17_split_1                      63A      63A      16E        8       0
                text40                              128      128      512        8       0
                text27                             2854     2854      7AC     50A8       0
                text21                             3A69     3A69      27C     74D2       0
                swtext1                             7C4      7C4       16      F88       0
                text17                             391A     391A      14F     7234       0
                text11                             3054     3054       B9     60A8       0
                text6                              3CE5     3CE5      31B     79CA       0
                text1                              2017     2017      7E9     402E       0
                cstackBANK0                          20       20       4A       20       1
                cstackCOMMON                         70       70        C       70       1
                cstackBANK1                          A0       A0       25       A0       1
                inittext                            811      811        6     1022       0
                clrtext                             7F9      7F9        6      FB4       0
                dataBANK7                           3A0      3A0       11      3A0       1
                bssBANK6                            320      320       50      320       1
                dataBANK5                           2D0      2D0       1C      2A0       1
                bssBANK5                            2A0      2A0       30      2A0       1
                bssBANK4                            220      220       50      220       1
                dataBANK3                           1DC      1DC        8      1A0       1
                bssBANK3                            1A0      1A0       3C      1A0       1
                dataBANK2                           16D      16D        1      120       1
                bssBANK2                            120      120       4D      120       1
                dataBANK1                            E2       E2        E       A0       1
                bssBANK1                             C5       C5       1D       A0       1
                dataBANK0                            6A       6A        4       20       1
                bssBANK0                             6E       6E        2       20       1
                dataCOMMON                           7C       7C        1       70       1
                stringtext                         1000     1000      FDD       20       0
                idataBANK7                          7DA      7DA       11      FB4       0
                idataBANK5                          7A8      7A8       1C        8       0
                idataBANK3                          817      817        8     102E       0
                idataBANK1                          7EB      7EB        E      FB4       0

TOTAL           Name                               Link     Load   Length     Space
        CLASS   STACK          

        CLASS   CONST          
                swtext1                             7C4      7C4       16         0

        CLASS   CODE           
                end_init                            126      126        2         0
                cinit                               81F      81F      7E1         0
                intentry                              4        4      122         0
                reset_vec                             0        0        2         0
                text17_split_2                     310D     310D      6F3         0
                text17_split_1                      63A      63A      16E         0
                text40                              128      128      512         0
                text27                             2854     2854      7AC         0
                text21                             3A69     3A69      27C         0
                text17                             391A     391A      14F         0
                text11                             3054     3054       B9         0
                text6                              3CE5     3CE5      31B         0
                text1                              2017     2017      7E9         0
                inittext                            811      811        6         0
                clrtext                             7F9      7F9        6         0
                idataBANK7                          7DA      7DA       11         0
                idataBANK5                          7A8      7A8       1C         0
                idataBANK3                          817      817        8         0
                idataBANK1                          7EB      7EB        E         0

        CLASS   STRCODE        
                stringtext                         1000     1000      FDD         0

        CLASS   ENTRY          

        CLASS   STRING         

        CLASS   COMMON         
                cstackCOMMON                         70       70        C         1
                dataCOMMON                           7C       7C        1         1

        CLASS   BANK0          
                cstackBANK0                          20       20       4A         1
                dataBANK0                            6A       6A        4         1
                bssBANK0                             6E       6E        2         1

        CLASS   BANK1          
                cstackBANK1                          A0       A0       25         1
                dataBANK1                            E2       E2        E         1
                bssBANK1                             C5       C5       1D         1

        CLASS   BANK2          
                dataBANK2                           16D      16D        1         1
                bssBANK2                            120      120       4D         1

        CLASS   BANK3          
                dataBANK3                           1DC      1DC        8         1
                bssBANK3                            1A0      1A0       3C         1

        CLASS   BANK4          
                bssBANK4                            220      220       50         1

        CLASS   BANK5          
                dataBANK5                           2D0      2D0       1C         1
                bssBANK5                            2A0      2A0       30         1

        CLASS   BANK6          
                bssBANK6                            320      320       50         1

        CLASS   BANK7          
                dataBANK7                           3A0      3A0       11         1

        CLASS   BANK8          

        CLASS   BANK9          

        CLASS   BANK10         

        CLASS   BANK11         

        CLASS   BANK12         

        CLASS   BIGRAM         

        CLASS   RAM            

        CLASS   ABS1           
                abs_s1                               7E       7E        2         1

        CLASS   SFR0           

        CLASS   SFR1           

        CLASS   SFR2           

        CLASS   SFR3           

        CLASS   SFR4           

        CLASS   SFR5           

        CLASS   SFR6           

        CLASS   SFR7           

        CLASS   SFR8           

        CLASS   SFR9           

        CLASS   SFR10          

        CLASS   SFR11          

        CLASS   SFR12          

        CLASS   SFR13          

        CLASS   SFR14          

        CLASS   SFR15          

        CLASS   SFR16          

        CLASS   SFR17          

        CLASS   SFR18          

        CLASS   SFR19          

        CLASS   SFR20          

        CLASS   SFR21          

        CLASS   SFR22          

        CLASS   SFR23          

        CLASS   SFR24          

        CLASS   SFR25          

        CLASS   SFR26          

        CLASS   SFR27          

        CLASS   SFR28          

        CLASS   SFR29          

        CLASS   SFR30          

        CLASS   SFR31          

        CLASS   CONFIG         
                config                             8007     8007        2         0

        CLASS   IDLOC          

        CLASS   EEDATA         
                eeprom_data                           0     F000       18         3

        CLASS   BANK31         

        CLASS   BANK30         

        CLASS   BANK29         

        CLASS   BANK28         

        CLASS   BANK27         

        CLASS   BANK26         

        CLASS   BANK25         

        CLASS   BANK24         

        CLASS   BANK23         

        CLASS   BANK22         

        CLASS   BANK21         

        CLASS   BANK20         

        CLASS   BANK19         

        CLASS   BANK18         

        CLASS   BANK17         

        CLASS   BANK16         

        CLASS   BANK15         

        CLASS   BANK14         

        CLASS   BANK13         



SEGMENTS        Name                           Load    Length   Top    Selector   Space  Class     Delta

                reset_vec                      000000  000002  000002         0       0  CODE        2
                intentry                       000004  0007C0  0007C4         8       0  CODE        2
                cstackBANK0                    000020  000050  000070        20       1  BANK0       1
                cstackCOMMON                   000070  00000D  00007D        70       1  COMMON      1
                cstackBANK1                    0000A0  000050  0000F0        A0       1  BANK1       1
                bssBANK2                       000120  00004E  00016E       120       1  BANK2       1
                bssBANK3                       0001A0  000044  0001E4       1A0       1  BANK3       1
                bssBANK4                       000220  000050  000270       220       1  BANK4       1
                bssBANK5                       0002A0  00004C  0002EC       2A0       1  BANK5       1
                bssBANK6                       000320  000050  000370       320       1  BANK6       1
                dataBANK7                      0003A0  000011  0003B1       3A0       1  BANK7       1
                swtext1                        0007C4  000016  0007DA       F88       0  CONST       2
                idataBANK7                     0007DA  000025  0007FF       FB4       0  CODE        2
                inittext                       000811  000006  000817      1022       0  CODE        2
                idataBANK3                     000817  000008  00081F      102E       0  CODE        2
                cinit                          00081F  0007E1  001000      103E       0  CODE        2
                stringtext                     001000  000FDD  001FDD        20       0  STRCODE     2
                text1                          002017  0007E9  002800      402E       0  CODE        2
                text27                         002854  0007AC  003000      50A8       0  CODE        2
                text11                         003054  0000B9  00310D      60A8       0  CODE        2
                text17_split_2                 00310D  0006F3  003800      621A       0  CODE        2
                text17                         00391A  00014F  003A69      7234       0  CODE        2
                text21                         003A69  00027C  003CE5      74D2       0  CODE        2
                text6                          003CE5  00031B  004000      79CA       0  CODE        2
                config                         008007  000002  008009     1000E       0  CONFIG      2
                eeprom_data                    00F000  000018  00F018     1E000       3  EEDATA      2


UNUSED ADDRESS RANGES

        Name                Unused          Largest block    Delta
        BANK10           000520-00056F               50           1
        BANK11           0005A0-0005EF               50           1
        BANK12           000620-00064F               30           1
        BANK2            00016E-00016F                2           1
        BANK3            0001E4-0001EF                C           1
        BANK5            0002EC-0002EF                4           1
        BANK7            0003B1-0003EF               3F           1
        BANK8            000420-00046F               50           1
        BANK9            0004A0-0004EF               50           1
        BIGRAM           002000-0023EF              3F0           1
        CODE             000002-000003                2           2
                         0007FF-000810                1
                         001FDD-002016               23
                         002800-002853               54
                         003000-003053               54
                         003800-003919              11A
        COMMON           00007D-00007D                1           1
        CONST            000002-000003                2           2
                         0007FF-000810                1
                         001FDD-002016               23
                         002800-002853               54
                         003000-003053               54
                         003800-003919              100
        EEDATA           00F018-00F0FF               E8           2
        ENTRY            000002-000003                2           2
                         0007FF-000810                1
                         001FDD-002016               23
                         002800-002853               54
                         003000-003053               54
                         003800-003919              100
        IDLOC            008000-008003                4           2
        RAM              00016E-00016F                2           1
                         0001E4-0001EF                C
                         0002EC-0002EF                4
                         0003B1-0003EF               3F
                         000420-00046F               50
                         0004A0-0004EF               50
                         000520-00056F               50
                         0005A0-0005EF               50
                         000620-00064F               30
        SFR0             000000-00001F               20           1
        SFR1             000080-00009F               20           1
        SFR10            000500-00051F               20           1
        SFR11            000580-00059F               20           1
        SFR12            000600-00061F               20           1
        SFR13            000680-0006EF               70           1
        SFR14            000700-00076F               70           1
        SFR15            000780-0007EF               70           1
        SFR16            000800-00086F               70           1
        SFR17            000880-0008EF               70           1
        SFR18            000900-00096F               70           1
        SFR19            000980-0009EF               70           1
        SFR2             000100-00011F               20           1
        SFR20            000A00-000A6F               70           1
        SFR21            000A80-000AEF               70           1
        SFR22            000B00-000B6F               70           1
        SFR23            000B80-000BEF               70           1
        SFR24            000C00-000C6F               70           1
        SFR25            000C80-000CEF               70           1
        SFR26            000D00-000D6F               70           1
        SFR27            000D80-000DEF               70           1
        SFR28            000E00-000E6F               70           1
        SFR29            000E80-000EEF               70           1
        SFR3             000180-00019F               20           1
        SFR30            000F00-000F6F               70           1
        SFR31            000F80-000FEF               70           1
        SFR4             000200-00021F               20           1
        SFR5             000280-00029F               20           1
        SFR6             000300-00031F               20           1
        SFR7             000380-00039F               20           1
        SFR8             000400-00041F               20           1
        SFR9             000480-00049F               20           1
        STACK            002241-00231F               DF           1
        STRCODE          000002-000003                2           2
                         0007FF-000810               12
                         001FDD-002016               3A
                         002800-002853               54
                         003000-003053               54
                         003800-003919              11A
        STRING           000002-000003                2           2
                         0007FF-000810                1
                         001FDD-002016               23
                         002800-002853               54
                         003000-003053               54
                         003800-003919              100

                                  Symbol Table

?___awdiv                        cstackCOMMON 000077
?___awmod                        cstackCOMMON 000071
?___awtoft                       cstackCOMMON 000079
?___ftadd                        cstackBANK0  000044
?___ftdiv                        cstackBANK0  000020
?___ftmul                        cstackBANK0  00002A
?___ftneg                        cstackCOMMON 000071
?___ftpack                       cstackCOMMON 000071
?___ftsub                        cstackBANK0  000050
?___fttol                        cstackBANK0  000041
?___lldiv                        cstackCOMMON 000071
?___llmod                        cstackBANK0  000025
?___lltoft                       cstackBANK0  000020
?___wmul                         cstackBANK0  000024
?__div_to_l_                     cstackCOMMON 000071
?__tdiv_to_l_                    cstackCOMMON 000071
?_crc16                          cstackCOMMON 000071
?_fround                         cstackBANK0  000039
?_scale                          cstackBANK0  000039
?_sprintf                        cstackBANK0  000056
PL10                             cinit        000F47
PL100                            text40       0005BA
PL102                            text11       0030FC
PL104                            cinit        000FBA
PL106                            text1        0026AC
PL108                            text6        003F7F
PL110                            text21       003CBA
PL112                            text6        003F87
PL114                            text17_split_1 00075C
PL116                            text6        003F8B
PL118                            text6        003F91
PL12                             text21       003C87
PL120                            text1        0026B6
PL122                            text40       0005C3
PL124                            text6        003FA0
PL126                            text1        0026C5
PL128                            text1        0026CD
PL130                            text40       0005CA
PL132                            text40       0005D3
PL134                            text6        003FA7
PL136                            text21       003CC2
PL138                            text1        0026DB
PL14                             cinit        000F53
PL140                            text6        003FAB
PL142                            text1        0026E8
PL144                            text21       003CCF
PL146                            text6        003FB2
PL148                            text1        0026EF
PL150                            text1        0026F7
PL152                            text6        003FB9
PL154                            text6        003FBD
PL156                            cinit        000FCA
PL158                            text1        0026FF
PL16                             text40       000587
PL160                            text1        00270A
PL162                            text1        002715
PL164                            text17_split_1 000762
PL166                            text40       0005DC
PL168                            text6        003FC8
PL170                            cinit        000FD5
PL172                            text1        002720
PL174                            text40       0005E5
PL176                            text17_split_1 000768
PL178                            text17_split_1 00076E
PL18                             cinit        000F5C
PL180                            text40       0005EE
PL182                            text1        002727
PL184                            text17_split_1 000777
PL186                            text27       002FCA
PL188                            text6        003FD1
PL190                            text40       0005F7
PL192                            text17_split_1 00077D
PL194                            text27       002FD0
PL196                            text6        003FD7
PL198                            text40       000600
PL2                              cinit        000F22
PL20                             text21       003C99
PL200                            text1        00272D
PL202                            text40       000607
PL204                            text40       00060E
PL206                            text1        002735
PL208                            text40       000615
PL210                            text40       00061C
PL212                            text40       000623
PL214                            text27       002FD8
PL216                            text21       003CD6
PL218                            cinit        000FDC
PL22                             cinit        000F63
PL220                            cinit        000FE3
PL222                            cinit        000FE8
PL224                            text40       00062A
PL226                            text27       002FE0
PL228                            text6        003FDB
PL230                            text6        003FE2
PL232                            text6        003FE9
PL234                            text27       002FE6
PL236                            text1        00273D
PL238                            text1        002744
PL24                             text1        002671
PL240                            text21       003CDE
PL242                            cinit        000FED
PL244                            text11       003107
PL246                            text1        00274B
PL248                            text6        003FF0
PL250                            text27       002FED
PL252                            text40       00062F
PL254                            text1        002751
PL256                            text17_split_1 000786
PL258                            text17_split_1 00078A
PL26                             text6        003F61
PL260                            text17_split_1 00078E
PL262                            text27       002FF3
PL264                            text6        003FF6
PL266                            text17_split_1 000792
PL268                            text17_split_1 000796
PL270                            text17_split_1 00079A
PL272                            text27       002FF8
PL274                            text27       002FFC
PL276                            text1        002757
PL278                            text40       000635
PL28                             text40       000590
PL280                            text6        003FFB
PL282                            text17_split_1 00079E
PL284                            text17_split_1 0007A2
PL30                             cinit        000F69
PL32                             cinit        000F6E
PL34                             cinit        000F7B
PL36                             cinit        000F80
PL38                             cinit        000F86
PL4                              text17_split_1 0006F6
PL40                             cinit        000F8C
PL42                             cinit        000F93
PL44                             text1        002680
PL46                             text40       000597
PL48                             text27       002FA8
PL50                             text1        002687
PL52                             cinit        000F9A
PL54                             text27       002FB7
PL56                             text17_split_1 00070A
PL58                             text17_split_1 000718
PL6                              cinit        000F29
PL60                             text6        003F6A
PL62                             text6        003F73
PL64                             text1        002692
PL66                             text17_split_1 00072A
PL68                             text27       002FBE
PL70                             text17_split_1 000731
PL72                             text21       003CAE
PL74                             text17_split_1 000738
PL76                             cinit        000FA4
PL78                             cinit        000FA8
PL8                              cinit        000F3E
PL80                             text40       00059F
PL82                             text40       0005A8
PL84                             text40       0005B1
PL86                             text6        003F77
PL88                             text17_split_1 000743
PL90                             text17_split_1 00074A
PL92                             cinit        000FB1
PL94                             text17_split_1 000754
PL96                             cinit        000FB5
PL98                             text1        0026A3
_ANSELA                          (abs)        00018C
_ANSELB                          (abs)        00018D
_BAUDCON                         (abs)        00019F
_BEEP_SPEAK                      text27       002D17
_CARRY                           (abs)        000018
_CCP5CONbits                     (abs)        00031E
_CCPR5L                          (abs)        00031C
_CCPTMRS1bits                    (abs)        00029F
_CRCHi                           stringtext   0015F1
_CRCLo                           stringtext   0016F1
_EEADR                           (abs)        000191
_EECON1                          (abs)        000195
_EECON2                          (abs)        000196
_EEDATA                          (abs)        000193
_GIE                             (abs)        00005F
_KEY_STATE                       bssBANK1     0000C7
_KEY_VALUE                       dataBANK1    0000E5
_LATAbits                        (abs)        00010C
_LATCbits                        (abs)        00010E
_OSCCON                          (abs)        000099
_PEIE                            (abs)        00005E
_PORTAbits                       (abs)        00000C
_PORTBbits                       (abs)        00000D
_PORTCbits                       (abs)        00000E
_PR2                             (abs)        00001B
_RCIE                            (abs)        00048D
_RCIF                            (abs)        00008D
_RCREG                           (abs)        000199
_RCSTA                           (abs)        00019D
_RCSTAbits                       (abs)        00019D
_RD                              (abs)        000CA8
_SP1BRGH                         (abs)        00019C
_SP1BRGL                         (abs)        00019B
_T1CON                           (abs)        000018
_T1GCONbits                      (abs)        000019
_T2CONbits                       (abs)        00001C
_TMR1H                           (abs)        000017
_TMR1IE                          (abs)        000488
_TMR1IF                          (abs)        000088
_TMR1L                           (abs)        000016
_TMR1ON                          (abs)        0000C0
_TMR2IF                          (abs)        000089
_TMR2ON                          (abs)        0000E2
_TRISAbits                       (abs)        00008C
_TRISBbits                       (abs)        00008D
_TRISCbits                       (abs)        00008E
_TXIE                            (abs)        00048C
_TXIF                            (abs)        00008C
_TXREG                           (abs)        00019A
_TXSTA                           (abs)        00019E
_TXSTAbits                       (abs)        00019E
_WDTCONbits                      (abs)        000097
_WR                              (abs)        000CA9
_WREN                            (abs)        000CAA
__Babs1                          abs1         01E030
__Bbank0                         bank0        01E030
__Bbank1                         bank1        01E030
__Bbank10                        bank10       01E030
__Bbank11                        bank11       01E030
__Bbank12                        bank12       01E030
__Bbank13                        bank13       01E030
__Bbank14                        bank14       01E030
__Bbank15                        bank15       01E030
__Bbank16                        bank16       01E030
__Bbank17                        bank17       01E030
__Bbank18                        bank18       01E030
__Bbank19                        bank19       01E030
__Bbank2                         bank2        01E030
__Bbank20                        bank20       01E030
__Bbank21                        bank21       01E030
__Bbank22                        bank22       01E030
__Bbank23                        bank23       01E030
__Bbank24                        bank24       01E030
__Bbank25                        bank25       01E030
__Bbank26                        bank26       01E030
__Bbank27                        bank27       01E030
__Bbank28                        bank28       01E030
__Bbank29                        bank29       01E030
__Bbank3                         bank3        01E030
__Bbank30                        bank30       01E030
__Bbank31                        bank31       01E030
__Bbank4                         bank4        01E030
__Bbank5                         bank5        01E030
__Bbank6                         bank6        01E030
__Bbank7                         bank7        01E030
__Bbank8                         bank8        01E030
__Bbank9                         bank9        01E030
__Bbigram                        bigram       01E030
__BbssBANK0                      bssBANK0     01E030
__BbssBANK1                      bssBANK1     01E030
__BbssBANK2                      bssBANK2     01E030
__BbssBANK3                      bssBANK3     01E030
__BbssBANK4                      bssBANK4     01E030
__BbssBANK5                      bssBANK5     01E030
__BbssBANK6                      bssBANK6     01E030
__Bclrtext                       clrtext      01E030
__Bcode                          code         01E030
__Bcommon                        common       01E030
__BcstackBANK0                   cstackBANK0  01E030
__BcstackBANK1                   cstackBANK1  01E030
__BcstackCOMMON                  cstackCOMMON 01E030
__BdataBANK0                     dataBANK0    01E030
__BdataBANK1                     dataBANK1    01E030
__BdataBANK2                     dataBANK2    01E030
__BdataBANK3                     dataBANK3    01E030
__BdataBANK5                     dataBANK5    01E030
__BdataBANK7                     dataBANK7    01E030
__BdataCOMMON                    dataCOMMON   01E030
__Beeprom_data                   eeprom_data  00F000
__BidataBANK0                    idataBANK0   01E030
__BidataBANK1                    idataBANK1   01E030
__BidataBANK2                    idataBANK2   01E030
__BidataBANK3                    idataBANK3   01E030
__BidataBANK5                    idataBANK5   01E030
__BidataBANK7                    idataBANK7   01E030
__BidataCOMMON                   idataCOMMON  01E030
__Binittext                      inittext     01E030
__Bmaintext                      maintext     01E030
__Bpa_nodes                      pa_nodes     01E030
__Bram                           ram          01E030
__Bsfr0                          sfr0         01E030
__Bsfr1                          sfr1         01E030
__Bsfr10                         sfr10        01E030
__Bsfr11                         sfr11        01E030
__Bsfr12                         sfr12        01E030
__Bsfr13                         sfr13        01E030
__Bsfr14                         sfr14        01E030
__Bsfr15                         sfr15        01E030
__Bsfr16                         sfr16        01E030
__Bsfr17                         sfr17        01E030
__Bsfr18                         sfr18        01E030
__Bsfr19                         sfr19        01E030
__Bsfr2                          sfr2         01E030
__Bsfr20                         sfr20        01E030
__Bsfr21                         sfr21        01E030
__Bsfr22                         sfr22        01E030
__Bsfr23                         sfr23        01E030
__Bsfr24                         sfr24        01E030
__Bsfr25                         sfr25        01E030
__Bsfr26                         sfr26        01E030
__Bsfr27                         sfr27        01E030
__Bsfr28                         sfr28        01E030
__Bsfr29                         sfr29        01E030
__Bsfr3                          sfr3         01E030
__Bsfr30                         sfr30        01E030
__Bsfr31                         sfr31        01E030
__Bsfr4                          sfr4         01E030
__Bsfr5                          sfr5         01E030
__Bsfr6                          sfr6         01E030
__Bsfr7                          sfr7         01E030
__Bsfr8                          sfr8         01E030
__Bsfr9                          sfr9         01E030
__Bstrings                       strings      01E030
__Bstringtext                    stringtext   01E030
__Btext                          text         01E030
__CFG_BOREN$ON                   (abs)        000000
__CFG_BORV$LO                    (abs)        000000
__CFG_CLKOUTEN$OFF               (abs)        000000
__CFG_CP$OFF                     (abs)        000000
__CFG_CPD$OFF                    (abs)        000000
__CFG_FCMEN$OFF                  (abs)        000000
__CFG_FOSC$INTOSC                (abs)        000000
__CFG_IESO$OFF                   (abs)        000000
__CFG_LVP$ON                     (abs)        000000
__CFG_MCLRE$OFF                  (abs)        000000
__CFG_PLLEN$ON                   (abs)        000000
__CFG_PWRTE$OFF                  (abs)        000000
__CFG_STVREN$ON                  (abs)        000000
__CFG_VCAPEN$RA6                 (abs)        000000
__CFG_WDTE$ON                    (abs)        000000
__CFG_WRT$OFF                    (abs)        000000
__Habs1                          abs1         000030
__Hbank0                         bank0        000030
__Hbank1                         bank1        000030
__Hbank10                        bank10       000030
__Hbank11                        bank11       000030
__Hbank12                        bank12       000030
__Hbank13                        bank13       000030
__Hbank14                        bank14       000030
__Hbank15                        bank15       000030
__Hbank16                        bank16       000030
__Hbank17                        bank17       000030
__Hbank18                        bank18       000030
__Hbank19                        bank19       000030
__Hbank2                         bank2        000030
__Hbank20                        bank20       000030
__Hbank21                        bank21       000030
__Hbank22                        bank22       000030
__Hbank23                        bank23       000030
__Hbank24                        bank24       000030
__Hbank25                        bank25       000030
__Hbank26                        bank26       000030
__Hbank27                        bank27       000030
__Hbank28                        bank28       000030
__Hbank29                        bank29       000030
__Hbank3                         bank3        000030
__Hbank30                        bank30       000030
__Hbank31                        bank31       000030
__Hbank4                         bank4        000030
__Hbank5                         bank5        000030
__Hbank6                         bank6        000030
__Hbank7                         bank7        000030
__Hbank8                         bank8        000030
__Hbank9                         bank9        000030
__Hbigram                        bigram       000030
__HbssBANK0                      bssBANK0     000030
__HbssBANK1                      bssBANK1     000030
__HbssBANK2                      bssBANK2     000030
__HbssBANK3                      bssBANK3     000030
__HbssBANK4                      bssBANK4     000030
__HbssBANK5                      bssBANK5     000030
__HbssBANK6                      bssBANK6     000030
__Hcinit                         cinit        001000
__Hclrtext                       clrtext      000030
__Hcode                          code         000030
__Hcommon                        common       000030
__Hconfig                        config       008009
__HcstackBANK0                   cstackBANK0  000030
__HcstackBANK1                   cstackBANK1  000030
__HcstackCOMMON                  cstackCOMMON 000030
__HdataBANK0                     dataBANK0    000030
__HdataBANK1                     dataBANK1    000030
__HdataBANK2                     dataBANK2    000030
__HdataBANK3                     dataBANK3    000030
__HdataBANK5                     dataBANK5    000030
__HdataBANK7                     dataBANK7    000030
__HdataCOMMON                    dataCOMMON   000030
__Heeprom_data                   eeprom_data  000018
__Hend_init                      end_init     000128
__Hfunctab                       functab      000000
__HidataBANK0                    idataBANK0   000030
__HidataBANK1                    idataBANK1   000030
__HidataBANK2                    idataBANK2   000030
__HidataBANK3                    idataBANK3   000030
__HidataBANK5                    idataBANK5   000030
__HidataBANK7                    idataBANK7   000030
__HidataCOMMON                   idataCOMMON  000030
__Hidloc                         idloc        000000
__Hinit                          init         000126
__Hinittext                      inittext     000030
__Hintentry                      intentry     000126
__Hmaintext                      maintext     000030
__Hpa_nodes                      pa_nodes     000030
__Hpowerup                       powerup      000000
__Hram                           ram          000030
__Hreset_vec                     reset_vec    000002
__Hsfr0                          sfr0         000030
__Hsfr1                          sfr1         000030
__Hsfr10                         sfr10        000030
__Hsfr11                         sfr11        000030
__Hsfr12                         sfr12        000030
__Hsfr13                         sfr13        000030
__Hsfr14                         sfr14        000030
__Hsfr15                         sfr15        000030
__Hsfr16                         sfr16        000030
__Hsfr17                         sfr17        000030
__Hsfr18                         sfr18        000030
__Hsfr19                         sfr19        000030
__Hsfr2                          sfr2         000030
__Hsfr20                         sfr20        000030
__Hsfr21                         sfr21        000030
__Hsfr22                         sfr22        000030
__Hsfr23                         sfr23        000030
__Hsfr24                         sfr24        000030
__Hsfr25                         sfr25        000030
__Hsfr26                         sfr26        000030
__Hsfr27                         sfr27        000030
__Hsfr28                         sfr28        000030
__Hsfr29                         sfr29        000030
__Hsfr3                          sfr3         000030
__Hsfr30                         sfr30        000030
__Hsfr31                         sfr31        000030
__Hsfr4                          sfr4         000030
__Hsfr5                          sfr5         000030
__Hsfr6                          sfr6         000030
__Hsfr7                          sfr7         000030
__Hsfr8                          sfr8         000030
__Hsfr9                          sfr9         000030
__Hstack                         stack        000000
__Hstrings                       strings      000030
__Hstringtext                    stringtext   000030
__Htext                          text         000030
__Labs1                          abs1         000030
__Lbank0                         bank0        000030
__Lbank1                         bank1        000030
__Lbank10                        bank10       000030
__Lbank11                        bank11       000030
__Lbank12                        bank12       000030
__Lbank13                        bank13       000030
__Lbank14                        bank14       000030
__Lbank15                        bank15       000030
__Lbank16                        bank16       000030
__Lbank17                        bank17       000030
__Lbank18                        bank18       000030
__Lbank19                        bank19       000030
__Lbank2                         bank2        000030
__Lbank20                        bank20       000030
__Lbank21                        bank21       000030
__Lbank22                        bank22       000030
__Lbank23                        bank23       000030
__Lbank24                        bank24       000030
__Lbank25                        bank25       000030
__Lbank26                        bank26       000030
__Lbank27                        bank27       000030
__Lbank28                        bank28       000030
__Lbank29                        bank29       000030
__Lbank3                         bank3        000030
__Lbank30                        bank30       000030
__Lbank31                        bank31       000030
__Lbank4                         bank4        000030
__Lbank5                         bank5        000030
__Lbank6                         bank6        000030
__Lbank7                         bank7        000030
__Lbank8                         bank8        000030
__Lbank9                         bank9        000030
__Lbigram                        bigram       000030
__LbssBANK0                      bssBANK0     000030
__LbssBANK1                      bssBANK1     000030
__LbssBANK2                      bssBANK2     000030
__LbssBANK3                      bssBANK3     000030
__LbssBANK4                      bssBANK4     000030
__LbssBANK5                      bssBANK5     000030
__LbssBANK6                      bssBANK6     000030
__Lcinit                         cinit        00081F
__Lclrtext                       clrtext      000030
__Lcode                          code         000030
__Lcommon                        common       000030
__Lconfig                        config       008007
__LcstackBANK0                   cstackBANK0  000030
__LcstackBANK1                   cstackBANK1  000030
__LcstackCOMMON                  cstackCOMMON 000030
__LdataBANK0                     dataBANK0    000030
__LdataBANK1                     dataBANK1    000030
__LdataBANK2                     dataBANK2    000030
__LdataBANK3                     dataBANK3    000030
__LdataBANK5                     dataBANK5    000030
__LdataBANK7                     dataBANK7    000030
__LdataCOMMON                    dataCOMMON   000030
__Leeprom_data                   eeprom_data  000000
__Lend_init                      end_init     000126
__Lfunctab                       functab      000000
__LidataBANK0                    idataBANK0   000030
__LidataBANK1                    idataBANK1   000030
__LidataBANK2                    idataBANK2   000030
__LidataBANK3                    idataBANK3   000030
__LidataBANK5                    idataBANK5   000030
__LidataBANK7                    idataBANK7   000030
__LidataCOMMON                   idataCOMMON  000030
__Lidloc                         idloc        000000
__Linit                          init         000126
__Linittext                      inittext     000030
__Lintentry                      intentry     000004
__Lmaintext                      maintext     000030
__Lpa_nodes                      pa_nodes     000030
__Lpowerup                       powerup      000000
__Lram                           ram          000030
__Lreset_vec                     reset_vec    000000
__Lsfr0                          sfr0         000030
__Lsfr1                          sfr1         000030
__Lsfr10                         sfr10        000030
__Lsfr11                         sfr11        000030
__Lsfr12                         sfr12        000030
__Lsfr13                         sfr13        000030
__Lsfr14                         sfr14        000030
__Lsfr15                         sfr15        000030
__Lsfr16                         sfr16        000030
__Lsfr17                         sfr17        000030
__Lsfr18                         sfr18        000030
__Lsfr19                         sfr19        000030
__Lsfr2                          sfr2         000030
__Lsfr20                         sfr20        000030
__Lsfr21                         sfr21        000030
__Lsfr22                         sfr22        000030
__Lsfr23                         sfr23        000030
__Lsfr24                         sfr24        000030
__Lsfr25                         sfr25        000030
__Lsfr26                         sfr26        000030
__Lsfr27                         sfr27        000030
__Lsfr28                         sfr28        000030
__Lsfr29                         sfr29        000030
__Lsfr3                          sfr3         000030
__Lsfr30                         sfr30        000030
__Lsfr31                         sfr31        000030
__Lsfr4                          sfr4         000030
__Lsfr5                          sfr5         000030
__Lsfr6                          sfr6         000030
__Lsfr7                          sfr7         000030
__Lsfr8                          sfr8         000030
__Lsfr9                          sfr9         000030
__Lstack                         stack        000000
__Lstrings                       strings      000030
__Lstringtext                    stringtext   000030
__Ltext                          text         000030
__S0                             (abs)        008009
__S1                             (abs)        0003B1
__S2                             (abs)        000000
__S3                             (abs)        00F018
___awdiv                         text6        003E52
___awdiv@counter                 cstackBANK0  000020
___awdiv@dividend                cstackCOMMON 000079
___awdiv@divisor                 cstackCOMMON 000077
___awdiv@quotient                cstackBANK0  000022
___awdiv@sign                    cstackBANK0  000021
___awmod                         text6        003E93
___awmod@counter                 cstackCOMMON 000075
___awmod@dividend                cstackCOMMON 000073
___awmod@divisor                 cstackCOMMON 000071
___awmod@sign                    cstackCOMMON 000076
___awtoft                        text27       002CD0
___awtoft@c                      cstackCOMMON 000079
___awtoft@sign                   cstackBANK0  000020
___bmul                          cinit        000FF4
___bmul@multiplicand             cstackCOMMON 000071
___bmul@multiplier               cstackCOMMON 000073
___bmul@product                  cstackCOMMON 000072
___ftadd                         text27       002855
___ftadd@exp1                    cstackBANK0  00004F
___ftadd@exp2                    cstackBANK0  00004E
___ftadd@f1                      cstackBANK0  000044
___ftadd@f2                      cstackBANK0  000047
___ftadd@sign                    cstackBANK0  00004D
___ftdiv                         text21       003BED
___ftdiv@cntr                    cstackBANK0  000026
___ftdiv@exp                     cstackBANK0  00002A
___ftdiv@f1                      cstackBANK0  000023
___ftdiv@f2                      cstackBANK0  000020
___ftdiv@f3                      cstackBANK0  000027
___ftdiv@sign                    cstackBANK0  00002B
___ftge                          text1        0025B9
___ftge@ff1                      cstackCOMMON 000071
___ftge@ff2                      cstackCOMMON 000074
___ftmul                         text6        003ECC
___ftmul@cntr                    cstackBANK0  000037
___ftmul@exp                     cstackBANK0  000033
___ftmul@f1                      cstackBANK0  00002A
___ftmul@f2                      cstackBANK0  00002D
___ftmul@f3_as_product           cstackBANK0  000034
___ftmul@sign                    cstackBANK0  000038
___ftneg                         text1        002669
___ftneg@f1                      cstackCOMMON 000071
___ftpack                        text27       002F5B
___ftpack@arg                    cstackCOMMON 000071
___ftpack@exp                    cstackCOMMON 000074
___ftpack@sign                   cstackCOMMON 000075
___ftsub                         text1        00275B
___ftsub@f1                      cstackBANK0  000053
___ftsub@f2                      cstackBANK0  000050
___fttol                         text21       003B98
___fttol@exp1                    cstackBANK0  00004D
___fttol@f1                      cstackBANK0  000041
___fttol@lval                    cstackBANK0  000049
___fttol@sign1                   cstackBANK0  000048
___int_sp                        stack        000000
___latbits                       (abs)        000003
___lbdiv                         text6        003F49
___lbdiv@counter                 cstackCOMMON 000078
___lbdiv@dividend                cstackCOMMON 000077
___lbdiv@divisor                 cstackCOMMON 000076
___lbdiv@quotient                cstackCOMMON 000079
___lbmod                         text6        003F31
___lbmod@counter                 cstackCOMMON 000074
___lbmod@dividend                cstackCOMMON 000073
___lbmod@divisor                 cstackCOMMON 000071
___lbmod@rem                     cstackCOMMON 000075
___lldiv                         text1        0025E5
___lldiv@counter                 cstackBANK0  000024
___lldiv@dividend                cstackCOMMON 000075
___lldiv@divisor                 cstackCOMMON 000071
___lldiv@quotient                cstackBANK0  000020
___llmod                         text1        002625
___llmod@counter                 cstackCOMMON 000079
___llmod@dividend                cstackBANK0  000029
___llmod@divisor                 cstackBANK0  000025
___lltoft                        text1        002772
___lltoft@c                      cstackBANK0  000020
___lltoft@exp                    cstackCOMMON 000079
___sp                            stack        000000
___wmul                          text6        003E3D
___wmul@multiplicand             cstackBANK0  000026
___wmul@multiplier               cstackBANK0  000024
___wmul@product                  cstackBANK0  000028
__div_to_l_                      text11       003054
__div_to_l_@cntr                 cstackBANK0  00002C
__div_to_l_@exp1                 cstackBANK0  00002D
__div_to_l_@f1                   cstackCOMMON 000071
__div_to_l_@f2                   cstackCOMMON 000074
__div_to_l_@quot                 cstackBANK0  000028
__end_ofPL10                     cinit        000F53
__end_ofPL100                    text40       0005C3
__end_ofPL102                    text11       003107
__end_ofPL104                    cinit        000FCA
__end_ofPL106                    text1        0026B6
__end_ofPL108                    text6        003F87
__end_ofPL110                    text21       003CC2
__end_ofPL112                    text6        003F8B
__end_ofPL114                    text17_split_1 000762
__end_ofPL116                    text6        003F91
__end_ofPL118                    text6        003FA0
__end_ofPL12                     text21       003C99
__end_ofPL120                    text1        0026C5
__end_ofPL122                    text40       0005CA
__end_ofPL124                    text6        003FA7
__end_ofPL126                    text1        0026CD
__end_ofPL128                    text1        0026DB
__end_ofPL130                    text40       0005D3
__end_ofPL132                    text40       0005DC
__end_ofPL134                    text6        003FAB
__end_ofPL136                    text21       003CCF
__end_ofPL138                    text1        0026E8
__end_ofPL14                     cinit        000F5C
__end_ofPL140                    text6        003FB2
__end_ofPL142                    text1        0026EF
__end_ofPL144                    text21       003CD6
__end_ofPL146                    text6        003FB9
__end_ofPL148                    text1        0026F7
__end_ofPL150                    text1        0026FF
__end_ofPL152                    text6        003FBD
__end_ofPL154                    text6        003FC8
__end_ofPL156                    cinit        000FD5
__end_ofPL158                    text1        00270A
__end_ofPL16                     text40       000590
__end_ofPL160                    text1        002715
__end_ofPL162                    text1        002720
__end_ofPL164                    text17_split_1 000768
__end_ofPL166                    text40       0005E5
__end_ofPL168                    text6        003FD1
__end_ofPL170                    cinit        000FDC
__end_ofPL172                    text1        002727
__end_ofPL174                    text40       0005EE
__end_ofPL176                    text17_split_1 00076E
__end_ofPL178                    text17_split_1 000777
__end_ofPL18                     cinit        000F63
__end_ofPL180                    text40       0005F7
__end_ofPL182                    text1        00272D
__end_ofPL184                    text17_split_1 00077D
__end_ofPL186                    text27       002FD0
__end_ofPL188                    text6        003FD7
__end_ofPL190                    text40       000600
__end_ofPL192                    text17_split_1 000786
__end_ofPL194                    text27       002FD8
__end_ofPL196                    text6        003FDB
__end_ofPL198                    text40       000607
__end_ofPL2                      cinit        000F29
__end_ofPL20                     text21       003CAE
__end_ofPL200                    text1        002735
__end_ofPL202                    text40       00060E
__end_ofPL204                    text40       000615
__end_ofPL206                    text1        00273D
__end_ofPL208                    text40       00061C
__end_ofPL210                    text40       000623
__end_ofPL212                    text40       00062A
__end_ofPL214                    text27       002FE0
__end_ofPL216                    text21       003CDE
__end_ofPL218                    cinit        000FE3
__end_ofPL22                     cinit        000F69
__end_ofPL220                    cinit        000FE8
__end_ofPL222                    cinit        000FED
__end_ofPL224                    text40       00062F
__end_ofPL226                    text27       002FE6
__end_ofPL228                    text6        003FE2
__end_ofPL230                    text6        003FE9
__end_ofPL232                    text6        003FF0
__end_ofPL234                    text27       002FED
__end_ofPL236                    text1        002744
__end_ofPL238                    text1        00274B
__end_ofPL24                     text1        002680
__end_ofPL240                    text21       003CE5
__end_ofPL242                    cinit        000FF4
__end_ofPL244                    text11       00310D
__end_ofPL246                    text1        002751
__end_ofPL248                    text6        003FF6
__end_ofPL250                    text27       002FF3
__end_ofPL252                    text40       000635
__end_ofPL254                    text1        002757
__end_ofPL256                    text17_split_1 00078A
__end_ofPL258                    text17_split_1 00078E
__end_ofPL26                     text6        003F6A
__end_ofPL260                    text17_split_1 000792
__end_ofPL262                    text27       002FF8
__end_ofPL264                    text6        003FFB
__end_ofPL266                    text17_split_1 000796
__end_ofPL268                    text17_split_1 00079A
__end_ofPL270                    text17_split_1 00079E
__end_ofPL272                    text27       002FFC
__end_ofPL274                    text27       003000
__end_ofPL276                    text1        00275B
__end_ofPL278                    text40       00063A
__end_ofPL28                     text40       000597
__end_ofPL280                    text6        004000
__end_ofPL282                    text17_split_1 0007A2
__end_ofPL284                    text17_split_1 0007A6
__end_ofPL30                     cinit        000F6E
__end_ofPL32                     cinit        000F7B
__end_ofPL34                     cinit        000F80
__end_ofPL36                     cinit        000F86
__end_ofPL38                     cinit        000F8C
__end_ofPL4                      text17_split_1 00070A
__end_ofPL40                     cinit        000F93
__end_ofPL42                     cinit        000F9A
__end_ofPL44                     text1        002687
__end_ofPL46                     text40       00059F
__end_ofPL48                     text27       002FB7
__end_ofPL50                     text1        002692
__end_ofPL52                     cinit        000FA4
__end_ofPL54                     text27       002FBE
__end_ofPL56                     text17_split_1 000718
__end_ofPL58                     text17_split_1 00072A
__end_ofPL6                      cinit        000F3E
__end_ofPL60                     text6        003F73
__end_ofPL62                     text6        003F77
__end_ofPL64                     text1        0026A3
__end_ofPL66                     text17_split_1 000731
__end_ofPL68                     text27       002FCA
__end_ofPL70                     text17_split_1 000738
__end_ofPL72                     text21       003CBA
__end_ofPL74                     text17_split_1 000743
__end_ofPL76                     cinit        000FA8
__end_ofPL78                     cinit        000FB1
__end_ofPL8                      cinit        000F47
__end_ofPL80                     text40       0005A8
__end_ofPL82                     text40       0005B1
__end_ofPL84                     text40       0005BA
__end_ofPL86                     text6        003F7F
__end_ofPL88                     text17_split_1 00074A
__end_ofPL90                     text17_split_1 000754
__end_ofPL92                     cinit        000FB5
__end_ofPL94                     text17_split_1 00075C
__end_ofPL96                     cinit        000FBA
__end_ofPL98                     text1        0026AC
__end_of_BEEP_SPEAK              text27       002D1D
__end_of_CRCHi                   stringtext   0016F1
__end_of_CRCLo                   stringtext   0017F1
__end_of___awdiv                 text6        003E93
__end_of___awmod                 text6        003ECC
__end_of___awtoft                text27       002CEC
__end_of___bmul                  cinit        001000
__end_of___ftadd                 text27       002909
__end_of___ftdiv                 text21       003C50
__end_of___ftge                  text1        0025E5
__end_of___ftmul                 text6        003F31
__end_of___ftneg                 text1        002671
__end_of___ftpack                text27       002F95
__end_of___ftsub                 text1        002772
__end_of___fttol                 text21       003BED
__end_of___lbdiv                 text6        003F61
__end_of___lbmod                 text6        003F49
__end_of___lldiv                 text1        002625
__end_of___llmod                 text1        00265B
__end_of___lltoft                text1        002790
__end_of___wmul                  text6        003E52
__end_of__div_to_l_              text11       0030FC
__end_of__initialization         cinit        00088E
__end_of__npowers_               stringtext   001818
__end_of__powers_                stringtext   00183F
__end_of__stringdata             stringtext   001FDD
__end_of__stringtab              stringtext   001001
__end_of__tdiv_to_l_             text1        002800
__end_of_application_init        text27       002D84
__end_of_ascii_table_8x16        stringtext   0015F1
__end_of_canshu_jiemian          stringtext   00195F
__end_of_clear_screen            text40       000365
__end_of_crc16                   text27       002D17
__end_of_delay_ms                text27       002F5B
__end_of_delay_us                text40       00032F
__end_of_display_canshu          text40       0004FE
__end_of_display_graphic_128x16  text40       0002E3
__end_of_display_graphic_16x16   text40       000527
__end_of_display_graphic_8x16    text40       0002C3
__end_of_display_run_data        text40       0002A3
__end_of_display_string_8x16     text27       002F39
__end_of_dpowers                 stringtext   001A87
__end_of_driver_init             text40       00013B
__end_of_eeprom_read             text27       002994
__end_of_eeprom_write            text21       003B98
__end_of_fround                  text6        003D71
__end_of_fuhao_d                 stringtext   001E37
__end_of_fuhao_m                 stringtext   001AA7
__end_of_handle_uart_rx_buf      text27       002CD0
__end_of_hanzi_chi               stringtext   001AC7
__end_of_hanzi_chong             stringtext   001AE7
__end_of_hanzi_chu               stringtext   001B07
__end_of_hanzi_di                stringtext   001B27
__end_of_hanzi_dian              stringtext   001B47
__end_of_hanzi_duan              stringtext   001B67
__end_of_hanzi_er                stringtext   001B87
__end_of_hanzi_fu                stringtext   001BA7
__end_of_hanzi_fu1               stringtext   001BC7
__end_of_hanzi_gong              stringtext   001BE7
__end_of_hanzi_guang             stringtext   001C07
__end_of_hanzi_jian              stringtext   001C27
__end_of_hanzi_jie               stringtext   001C47
__end_of_hanzi_kong              stringtext   001C67
__end_of_hanzi_lei               stringtext   001C87
__end_of_hanzi_liu               stringtext   001CA7
__end_of_hanzi_mo                stringtext   001CC7
__end_of_hanzi_san               stringtext   001CE7
__end_of_hanzi_shi               stringtext   001D07
__end_of_hanzi_shi1              stringtext   001D27
__end_of_hanzi_shu               stringtext   001D47
__end_of_hanzi_si                stringtext   001D67
__end_of_hanzi_wu                stringtext   001D87
__end_of_hanzi_xing              stringtext   001DA7
__end_of_hanzi_ya                stringtext   001DC7
__end_of_hanzi_yi                stringtext   001DE7
__end_of_hanzi_zai               stringtext   001E07
__end_of_hanzi_zuo               stringtext   001E27
__end_of_hexpowers               stringtext   00185F
__end_of_init_beep               text40       000140
__end_of_init_interrupt          text40       000579
__end_of_init_key                text40       000587
__end_of_init_lcd                text40       000192
__end_of_init_led                text40       00052C
__end_of_init_osc                text40       000534
__end_of_init_port               text40       00053C
__end_of_init_pwm                text40       000557
__end_of_init_timer1             text40       000564
__end_of_init_uart1              text40       000576
__end_of_isdigit                 text1        002669
__end_of_isr                     intentry     000126
__end_of_lcd_address             text40       0002F3
__end_of_main                    cinit        000F22
__end_of_memset                  text27       002FA8
__end_of_middle_init             text27       002855
__end_of_read_param_eeprom       text27       002982
__end_of_read_run_data           text21       003A84
__end_of_read_sys_parameter      text21       003A76
__end_of_save_sys_parameter      text21       003B7B
__end_of_scale                   text6        003E3D
__end_of_scan_key_value          text17_split_1 0006F6
__end_of_shuzi_1                 stringtext   001E47
__end_of_shuzi_2                 stringtext   001E57
__end_of_shuzi_3                 stringtext   001E67
__end_of_shuzi_4                 stringtext   001E77
__end_of_shuzi_5                 stringtext   001E87
__end_of_shuzi_6                 stringtext   001E97
__end_of_shuzi_7                 stringtext   001EA7
__end_of_shuzi_8                 stringtext   001EB7
__end_of_shuzi_9                 stringtext   001EC7
__end_of_sprintf                 text1        0025B9
__end_of_transfer_command        text40       000310
__end_of_transfer_data           text40       00034C
__end_of_uart1_send_byte         text21       003C87
__end_of_uart1_send_nbyte        text21       003C6C
__end_of_yunxing_jiemian         stringtext   001A5F
__initialization                 cinit        00081F
__npowers_                       stringtext   0017F1
__pbssBANK0                      bssBANK0     00006E
__pbssBANK1                      bssBANK1     0000C5
__pbssBANK2                      bssBANK2     000120
__pbssBANK3                      bssBANK3     0001A0
__pbssBANK4                      bssBANK4     000220
__pbssBANK5                      bssBANK5     0002A0
__pbssBANK6                      bssBANK6     000320
__pcstackBANK0                   cstackBANK0  000020
__pcstackBANK1                   cstackBANK1  0000A0
__pcstackCOMMON                  cstackCOMMON 000070
__pdataBANK0                     dataBANK0    00006A
__pdataBANK1                     dataBANK1    0000E2
__pdataBANK2                     dataBANK2    00016D
__pdataBANK3                     dataBANK3    0001DC
__pdataBANK5                     dataBANK5    0002D0
__pdataBANK7                     dataBANK7    0003A0
__pdataCOMMON                    dataCOMMON   00007C
__pidataBANK0                    idataBANK0   000000
__pidataBANK1                    idataBANK1   0007EB
__pidataBANK2                    idataBANK2   000000
__pidataBANK3                    idataBANK3   000817
__pidataBANK5                    idataBANK5   0007A8
__pidataBANK7                    idataBANK7   0007DA
__pidataCOMMON                   idataCOMMON  000000
__pintentry                      intentry     000004
__pmaintext                      cinit        000890
__powers_                        stringtext   001818
__pstringtext                    stringtext   001000
__pswtext1                       swtext1      0007C4
__ptext1                         text1        002017
__ptext10                        text1        002790
__ptext11                        text11       003054
__ptext12                        text1        002772
__ptext13                        text1        002625
__ptext14                        text1        0025E5
__ptext15                        text1        00275B
__ptext16                        text1        002669
__ptext17                        text17       00391A
__ptext18                        text21       003A84
__ptext19                        text21       003B7B
__ptext2                         text6        003D71
__ptext20                        text21       003B98
__ptext21                        text21       003A69
__ptext22                        text21       003A76
__ptext23                        text21       003C50
__ptext24                        text21       003C6C
__ptext25                        text1        0025B9
__ptext26                        text27       002855
__ptext27                        text27       002854
__ptext28                        text27       002909
__ptext29                        text27       002982
__ptext3                         text6        003E93
__ptext30                        text27       002994
__ptext31                        text27       002F95
__ptext32                        text40       000192
__ptext33                        text40       000365
__ptext34                        text40       0002A3
__ptext35                        text40       0004FE
__ptext36                        text40       0002C3
__ptext37                        text27       002CEC
__ptext38                        text27       002CD0
__ptext39                        text27       002D17
__ptext4                         text6        003E52
__ptext40                        text40       000128
__ptext41                        text40       000564
__ptext42                        text40       000557
__ptext43                        text40       00053C
__ptext44                        text40       000534
__ptext45                        text40       00052C
__ptext46                        text40       000527
__ptext47                        text40       000140
__ptext48                        text40       00034C
__ptext49                        text40       000579
__ptext5                         text1        00265B
__ptext50                        text40       000576
__ptext51                        text40       00013B
__ptext52                        text27       002D1D
__ptext53                        text27       002D84
__ptext54                        text40       00032F
__ptext55                        text40       0002E3
__ptext56                        text40       0002F3
__ptext57                        text40       000310
__ptext58                        text27       002F39
__ptext59                        cinit        000FF4
__ptext6                         text6        003CE5
__ptext60                        text21       003BED
__ptext61                        text27       002F5B
__ptext62                        text6        003F31
__ptext7                         text6        003E3D
__ptext8                         text6        003F49
__ptext9                         text6        003ECC
__size_of_BEEP_SPEAK             (abs)        000000
__size_of___awdiv                (abs)        000000
__size_of___awmod                (abs)        000000
__size_of___awtoft               (abs)        000000
__size_of___bmul                 (abs)        000000
__size_of___ftadd                (abs)        000000
__size_of___ftdiv                (abs)        000000
__size_of___ftge                 (abs)        000000
__size_of___ftmul                (abs)        000000
__size_of___ftneg                (abs)        000000
__size_of___ftpack               (abs)        000000
__size_of___ftsub                (abs)        000000
__size_of___fttol                (abs)        000000
__size_of___lbdiv                (abs)        000000
__size_of___lbmod                (abs)        000000
__size_of___lldiv                (abs)        000000
__size_of___llmod                (abs)        000000
__size_of___lltoft               (abs)        000000
__size_of___wmul                 (abs)        000000
__size_of__div_to_l_             (abs)        000000
__size_of__tdiv_to_l_            (abs)        000000
__size_of_application_init       (abs)        000000
__size_of_clear_screen           (abs)        000000
__size_of_crc16                  (abs)        000000
__size_of_delay_ms               (abs)        000000
__size_of_delay_us               (abs)        000000
__size_of_display_canshu         (abs)        000000
__size_of_display_graphic_128x16 (abs)        000000
__size_of_display_graphic_16x16  (abs)        000000
__size_of_display_graphic_8x16   (abs)        000000
__size_of_display_run_data       (abs)        000000
__size_of_display_string_8x16    (abs)        000000
__size_of_driver_init            (abs)        000000
__size_of_eeprom_read            (abs)        000000
__size_of_eeprom_write           (abs)        000000
__size_of_fround                 (abs)        000000
__size_of_handle_uart_rx_buf     (abs)        000000
__size_of_init_beep              (abs)        000000
__size_of_init_interrupt         (abs)        000000
__size_of_init_key               (abs)        000000
__size_of_init_lcd               (abs)        000000
__size_of_init_led               (abs)        000000
__size_of_init_osc               (abs)        000000
__size_of_init_port              (abs)        000000
__size_of_init_pwm               (abs)        000000
__size_of_init_timer1            (abs)        000000
__size_of_init_uart1             (abs)        000000
__size_of_isdigit                (abs)        000000
__size_of_isr                    (abs)        000000
__size_of_lcd_address            (abs)        000000
__size_of_main                   (abs)        000000
__size_of_memset                 (abs)        000000
__size_of_middle_init            (abs)        000000
__size_of_read_param_eeprom      (abs)        000000
__size_of_read_run_data          (abs)        000000
__size_of_read_sys_parameter     (abs)        000000
__size_of_save_sys_parameter     (abs)        000000
__size_of_scale                  (abs)        000000
__size_of_scan_key_value         (abs)        000000
__size_of_sprintf                (abs)        000000
__size_of_transfer_command       (abs)        000000
__size_of_transfer_data          (abs)        000000
__size_of_uart1_send_byte        (abs)        000000
__size_of_uart1_send_nbyte       (abs)        000000
__stringdata                     stringtext   001EC7
__stringtab                      stringtext   001000
__tdiv_to_l_                     text1        002790
__tdiv_to_l_@cntr                cstackBANK0  000024
__tdiv_to_l_@exp1                cstackBANK0  000025
__tdiv_to_l_@f1                  cstackCOMMON 000071
__tdiv_to_l_@f2                  cstackCOMMON 000074
__tdiv_to_l_@quot                cstackBANK0  000020
_application_init                text27       002D1D
_ascii_table_8x16                stringtext   001001
_b_v                             bssBANK3     0001A0
_beep_delay_time_count           bssBANK1     0000C8
_bt_00_hv                        bssBANK3     0001A3
_bt_00_lv                        bssBANK3     0001A6
_bt_01_hv                        bssBANK3     0001A9
_bt_01_lv                        bssBANK3     0001AC
_bt_02_hv                        bssBANK3     0001AF
_bt_02_lv                        bssBANK3     0001B2
_bt_03_hv                        bssBANK3     0001B5
_bt_03_lv                        bssBANK3     0001B8
_bt_04_hv                        bssBANK3     0001BB
_bt_04_lv                        bssBANK3     0001BE
_bt_05_hv                        bssBANK3     0001C1
_bt_05_lv                        bssBANK3     0001C4
_bt_06_hv                        bssBANK3     0001C7
_bt_06_lv                        bssBANK3     0001CA
_bt_07_hv                        bssBANK3     0001CD
_bt_07_lv                        bssBANK3     0001D0
_bt_dy                           bssBANK5     0002A0
_bt_id                           dataBANK1    0000E6
_buf                             bssBANK2     00013B
_canshu_10_weizhi                bssBANK1     0000C9
_canshu_11_weizhi                bssBANK1     0000CA
_canshu_12_weizhi                bssBANK1     0000CB
_canshu_13_weizhi                bssBANK1     0000CC
_canshu_14_weizhi                bssBANK1     0000CD
_canshu_1_weizhi                 bssBANK1     0000CE
_canshu_2_weizhi                 bssBANK1     0000CF
_canshu_3_weizhi                 bssBANK1     0000D0
_canshu_4_weizhi                 bssBANK1     0000D1
_canshu_5_weizhi                 bssBANK1     0000D2
_canshu_6_weizhi                 bssBANK1     0000D3
_canshu_7_weizhi                 bssBANK1     0000D4
_canshu_8_weizhi                 bssBANK1     0000D5
_canshu_9_weizhi                 bssBANK1     0000D6
_canshu_cnt                      bssBANK0     00006E
_canshu_jiemian                  stringtext   00185F
_charge_I                        bssBANK3     0001D3
_charge_current_value            bssBANK2     000123
_clear_screen                    text40       00034C
_crc16                           text27       002CEC
_crc_data                        bssBANK1     0000C5
_dat_flag                        bssBANK1     0000D7
_day_index                       bssBANK1     0000D8
_delay_ms                        text27       002F39
_delay_us                        text40       000310
_discharge_current_value         bssBANK2     000125
_display_canshu                  text40       000365
_display_graphic_128x16          text40       0002C3
_display_graphic_16x16           text40       0004FE
_display_graphic_8x16            text40       0002A3
_display_lcd_flag                dataBANK2    00016D
[...]
  dividend        1    wreg     unsigned char 
  divisor         1    1[COMMON] unsigned char 
 Auto vars:     Size  Location     Type
  dividend        1    3[COMMON] unsigned char 
  rem             1    5[COMMON] unsigned char 
  counter         1    4[COMMON] unsigned char 
 Return value:  Size  Location     Type
                  1    wreg      unsigned char 
 Registers used:
		wreg, status,2, status,0
 Tracked objects:
		On entry : 
		On exit  : 
		Unchanged: 
 Data sizes:     COMMON   BANK0   BANK1   BANK2   BANK3   BANK4   BANK5   BANK6   BANK7   BANK8   BANK9  BANK10  BANK11  BANK12
      Params:         1       0       0       0       0       0       0       0       0       0       0       0       0       0
      Locals:         3       0       0       0       0       0       0       0       0       0       0       0       0       0
      Temps:          1       0       0       0       0       0       0       0       0       0       0       0       0       0
      Totals:         5       0       0       0       0       0       0       0       0       0       0       0       0       0
Total ram usage:        5 bytes
 Hardware stack levels used:    1
 Hardware stack levels required when called:    1
 This function calls:
		Nothing
 This function is called by:
		_scan_key_value
		_fround
 This function uses a non-reentrant model


 *************** function _isr *****************
 Defined at:
		line 35 in file "D:\MCUProject\ZH-YCQ-V1.0\src\interrupt.c"
 Parameters:    Size  Location     Type
		None
 Auto vars:     Size  Location     Type
  r1_data         1    0[COMMON] unsigned char 
 Return value:  Size  Location     Type
		None               void
 Registers used:
		wreg, fsr1l, fsr1h, status,2, status,0
 Tracked objects:
		On entry : 
		On exit  : 
		Unchanged: 
 Data sizes:     COMMON   BANK0   BANK1   BANK2   BANK3   BANK4   BANK5   BANK6   BANK7   BANK8   BANK9  BANK10  BANK11  BANK12
      Params:         0       0       0       0       0       0       0       0       0       0       0       0       0       0
      Locals:         1       0       0       0       0       0       0       0       0       0       0       0       0       0
      Temps:          0       0       0       0       0       0       0       0       0       0       0       0       0       0
      Totals:         1       0       0       0       0       0       0       0       0       0       0       0       0       0
Total ram usage:        1 bytes
 Hardware stack levels used:    1
 This function calls:
		Nothing
 This function is called by:
		Interrupt level 1
 This function uses a non-reentrant model



MODULE INFORMATION

Module		Function		Class		Link	Load	Size
D:\Program Files (x86)\Microchip\xc8\v1.30\sources\common\ftadd.c
		___ftadd       		CODE           	2855	0000	180

D:\Program Files (x86)\Microchip\xc8\v1.30\sources\common\ftadd.c estimated size: 180

D:\MCUProject\ZH-YCQ-V1.0\src\main.c
		_middle_init   		CODE           	2854	0000	1
		_driver_init   		CODE           	0128	0000	19
		_init_port     		CODE           	0534	0000	8
		_main          		CODE           	0890	0000	1682
		_application_in		CODE           	2D1D	0000	103
		_init_osc      		CODE           	052C	0000	8

D:\MCUProject\ZH-YCQ-V1.0\src\main.c estimated size: 1821

D:\Program Files (x86)\Microchip\xc8\v1.30\sources\common\memset.c
		_memset        		CODE           	2F95	0000	19

D:\Program Files (x86)\Microchip\xc8\v1.30\sources\common\memset.c estimated size: 19

D:\Program Files (x86)\Microchip\xc8\v1.30\sources\common\float.c
		___ftpack      		CODE           	2F5B	0000	58

D:\Program Files (x86)\Microchip\xc8\v1.30\sources\common\float.c estimated size: 58

D:\MCUProject\ZH-YCQ-V1.0\src\beep.c
		_BEEP_SPEAK    		CODE           	2D17	0000	6
		_init_beep     		CODE           	013B	0000	5

D:\MCUProject\ZH-YCQ-V1.0\src\beep.c estimated size: 11

D:\Program Files (x86)\Microchip\xc8\v1.30\sources\common\ftge.c
		___ftge        		CODE           	25B9	0000	44

D:\Program Files (x86)\Microchip\xc8\v1.30\sources\common\ftge.c estimated size: 44

D:\Program Files (x86)\Microchip\xc8\v1.30\sources\common\wmul.c
		___wmul        		CODE           	3E3D	0000	21

D:\Program Files (x86)\Microchip\xc8\v1.30\sources\common\wmul.c estimated size: 21

D:\MCUProject\ZH-YCQ-V1.0\src\Modbus.c
		_crc16         		CODE           	2CEC	0000	43

D:\MCUProject\ZH-YCQ-V1.0\src\Modbus.c estimated size: 43

D:\MCUProject\ZH-YCQ-V1.0\src\timer.c
		_init_timer1   		CODE           	0557	0000	13

D:\MCUProject\ZH-YCQ-V1.0\src\timer.c estimated size: 13

shared
		PL12           		CODE           	3C87	0000	18
		PL50           		CODE           	2687	0000	11
		PL8            		CODE           	0F3E	0000	9
		_shuzi_9       		STRCODE        	1EB7	0000	16
		PL268          		CODE           	0796	0000	4
		PL22           		CODE           	0F63	0000	6
		PL60           		CODE           	3F6A	0000	9
		_hanzi_di      		STRCODE        	1B07	0000	32
		PL178          		CODE           	076E	0000	9
		_hanzi_dian    		STRCODE        	1B27	0000	32
		_hanzi_duan    		STRCODE        	1B47	0000	32
		PL100          		CODE           	05BA	0000	9
		PL32           		CODE           	0F6E	0000	13
		PL70           		CODE           	0731	0000	7
		_CRCLo         		STRCODE        	16F1	0000	256
		PL278          		CODE           	0635	0000	5
		_fuhao_d       		STRCODE        	1E27	0000	16
		PL200          		CODE           	272D	0000	8
		PL42           		CODE           	0F93	0000	7
		PL80           		CODE           	059F	0000	9
		PL188          		CODE           	3FD1	0000	6
		PL110          		CODE           	3CBA	0000	8
		PL14           		CODE           	0F53	0000	9
		PL52           		CODE           	0F9A	0000	10
		PL90           		CODE           	074A	0000	10
		_ascii_table_8x		STRCODE        	1001	0000	1520
		_hanzi_wu      		STRCODE        	1D67	0000	32
		_hanzi_gong    		STRCODE        	1BC7	0000	32
		PL210          		CODE           	061C	0000	7
		PL24           		CODE           	2671	0000	15
		PL62           		CODE           	3F73	0000	4
		PL198          		CODE           	0600	0000	7
		_hanzi_guang   		STRCODE        	1BE7	0000	32
		__stringtab    		STRCODE        	1000	0000	1
		PL120          		CODE           	26B6	0000	15
		PL34           		CODE           	0F7B	0000	5
		PL72           		CODE           	3CAE	0000	12
		__stringdata   		STRCODE        	1EC7	0000	278
		PL220          		CODE           	0FE3	0000	5
		PL44           		CODE           	2680	0000	7
		PL82           		CODE           	05A8	0000	9
		_hanzi_jie     		STRCODE        	1C27	0000	32
		_hanzi_zai     		STRCODE        	1DE7	0000	32
		_hanzi_zuo     		STRCODE        	1E07	0000	32
		_hanzi_jian    		STRCODE        	1C07	0000	32
		PL130          		CODE           	05CA	0000	9
		PL16           		CODE           	0587	0000	9
		PL54           		CODE           	2FB7	0000	7
		PL92           		CODE           	0FB1	0000	4
		PL230          		CODE           	3FE2	0000	7
		_shuzi_2       		STRCODE        	1E47	0000	16
		PL26           		CODE           	3F61	0000	9
		PL64           		CODE           	2692	0000	17
		__powers_      		STRCODE        	1818	0000	39
		PL102          		CODE           	30FC	0000	11
		PL140          		CODE           	3FAB	0000	7
		PL36           		CODE           	0F80	0000	6
		PL74           		CODE           	0738	0000	11
		_hanzi_mo      		STRCODE        	1CA7	0000	32
		PL202          		CODE           	0607	0000	7
		PL240          		CODE           	3CDE	0000	7
		PL46           		CODE           	0597	0000	8
		PL84           		CODE           	05B1	0000	9
		_fuhao_m       		STRCODE        	1A87	0000	32
		_yunxing_jiemia		STRCODE        	195F	0000	256
		_dpowers       		STRCODE        	1A5F	0000	40
		PL112          		CODE           	3F87	0000	4
		PL150          		CODE           	26F7	0000	8
		_shuzi_5       		STRCODE        	1E77	0000	16
		PL18           		CODE           	0F5C	0000	7
		PL56           		CODE           	070A	0000	14
		PL94           		CODE           	0754	0000	8
		PL212          		CODE           	0623	0000	7
		PL250          		CODE           	2FED	0000	6
		PL28           		CODE           	0590	0000	7
		PL66           		CODE           	072A	0000	7
		PL122          		CODE           	05C3	0000	7
		PL160          		CODE           	270A	0000	11
		PL38           		CODE           	0F86	0000	6
		PL76           		CODE           	0FA4	0000	4
		_shuzi_8       		STRCODE        	1EA7	0000	16
		PL222          		CODE           	0FE8	0000	5
		PL260          		CODE           	078E	0000	4
		PL48           		CODE           	2FA8	0000	15
		PL86           		CODE           	3F77	0000	8
		_hanzi_chi     		STRCODE        	1AA7	0000	32
		_hanzi_chu     		STRCODE        	1AE7	0000	32
		PL132          		CODE           	05D3	0000	9
		PL170          		CODE           	0FD5	0000	7
		PL58           		CODE           	0718	0000	18
		PL96           		CODE           	0FB5	0000	5
		_hanzi_si      		STRCODE        	1D47	0000	32
		_hanzi_shi     		STRCODE        	1CE7	0000	32
		_hanzi_san     		STRCODE        	1CC7	0000	32
		_hanzi_shu     		STRCODE        	1D27	0000	32
		_hanzi_shi1    		STRCODE        	1D07	0000	32
		PL232          		CODE           	3FE9	0000	7
		PL270          		CODE           	079A	0000	4
		PL68           		CODE           	2FBE	0000	12
		_hanzi_chong   		STRCODE        	1AC7	0000	32
		PL104          		CODE           	0FBA	0000	16
		PL142          		CODE           	26E8	0000	7
		PL180          		CODE           	05EE	0000	9
		PL78           		CODE           	0FA8	0000	9
		_hanzi_fu      		STRCODE        	1B87	0000	32
		_hanzi_fu1     		STRCODE        	1BA7	0000	32
		PL204          		CODE           	060E	0000	7
		PL242          		CODE           	0FED	0000	7
		PL280          		CODE           	3FFB	0000	5
		PL88           		CODE           	0743	0000	7
		PL114          		CODE           	075C	0000	6
		PL152          		CODE           	3FB9	0000	4
		PL190          		CODE           	05F7	0000	9
		PL98           		CODE           	26A3	0000	9
		PL214          		CODE           	2FD8	0000	8
		PL252          		CODE           	062F	0000	6
		__npowers_     		STRCODE        	17F1	0000	39
		PL124          		CODE           	3FA0	0000	7
		PL162          		CODE           	2715	0000	11
		_hanzi_ya      		STRCODE        	1DA7	0000	32
		_hanzi_yi      		STRCODE        	1DC7	0000	32
		__initializatio		CODE           	081F	0000	111
		PL224          		CODE           	062A	0000	5
		PL262          		CODE           	2FF3	0000	5
		_shuzi_1       		STRCODE        	1E37	0000	16
		PL134          		CODE           	3FA7	0000	4
		PL172          		CODE           	2720	0000	7
		_hanzi_lei     		STRCODE        	1C67	0000	32
		_hanzi_liu     		STRCODE        	1C87	0000	32
		PL234          		CODE           	2FE6	0000	7
		PL272          		CODE           	2FF8	0000	4
		PL106          		CODE           	26AC	0000	10
		PL144          		CODE           	3CCF	0000	7
		PL182          		CODE           	2727	0000	6
		_shuzi_4       		STRCODE        	1E67	0000	16
		PL206          		CODE           	2735	0000	8
		PL244          		CODE           	3107	0000	6
		PL282          		CODE           	079E	0000	4
		PL116          		CODE           	3F8B	0000	6
		PL154          		CODE           	3FBD	0000	11
		PL192          		CODE           	077D	0000	9
		_canshu_jiemian		STRCODE        	185F	0000	256
		PL216          		CODE           	3CD6	0000	8
		PL254          		CODE           	2751	0000	6
		_shuzi_7       		STRCODE        	1E97	0000	16
		PL126          		CODE           	26C5	0000	8
		PL164          		CODE           	0762	0000	6
		_hexpowers     		STRCODE        	183F	0000	32
		PL226          		CODE           	2FE0	0000	6
		PL264          		CODE           	3FF6	0000	5
		_CRCHi         		STRCODE        	15F1	0000	256
		PL136          		CODE           	3CC2	0000	13
		PL174          		CODE           	05E5	0000	9
		PL236          		CODE           	273D	0000	7
		PL274          		CODE           	2FFC	0000	4
		_hanzi_er      		STRCODE        	1B67	0000	32
		PL108          		CODE           	3F7F	0000	8
		PL146          		CODE           	3FB2	0000	7
		PL184          		CODE           	0777	0000	6
		PL208          		CODE           	0615	0000	7
		PL246          		CODE           	274B	0000	6
		PL284          		CODE           	07A2	0000	4
		PL118          		CODE           	3F91	0000	15
		PL156          		CODE           	0FCA	0000	11
		PL194          		CODE           	2FD0	0000	8
		PL218          		CODE           	0FDC	0000	7
		PL256          		CODE           	0786	0000	4
		_hanzi_xing    		STRCODE        	1D87	0000	32
		PL128          		CODE           	26CD	0000	14
		PL166          		CODE           	05DC	0000	9
		PL228          		CODE           	3FDB	0000	7
		PL266          		CODE           	0792	0000	4
		_hanzi_kong    		STRCODE        	1C47	0000	32
		PL138          		CODE           	26DB	0000	13
		PL176          		CODE           	0768	0000	6
		PL2            		CODE           	0F22	0000	7
		PL238          		CODE           	2744	0000	7
		PL276          		CODE           	2757	0000	4
		_shuzi_3       		STRCODE        	1E57	0000	16
		PL148          		CODE           	26EF	0000	8
		PL186          		CODE           	2FCA	0000	6
		PL10           		CODE           	0F47	0000	12
		PL4            		CODE           	06F6	0000	20
		PL248          		CODE           	3FF0	0000	6
		PL20           		CODE           	3C99	0000	21
		PL158          		CODE           	26FF	0000	11
		PL196          		CODE           	3FD7	0000	4
		_shuzi_6       		STRCODE        	1E87	0000	16
		PL30           		CODE           	0F69	0000	5
		PL6            		CODE           	0F29	0000	21
		PL258          		CODE           	078A	0000	4
		PL40           		CODE           	0F8C	0000	7
		PL168          		CODE           	3FC8	0000	9

shared estimated size: 5329

D:\MCUProject\ZH-YCQ-V1.0\src\lcd12864.c
		_display_graphi		CODE           	02A3	0000	32
		_display_run_da		CODE           	0192	0000	273
		_display_canshu		CODE           	0365	0000	409
		_display_graphi		CODE           	02C3	0000	32
		_display_graphi		CODE           	04FE	0000	41
		_clear_screen  		CODE           	034C	0000	25
		_init_lcd      		CODE           	0140	0000	82
		_display_string		CODE           	2D84	0000	437
		_lcd_address   		CODE           	02E3	0000	16
		_transfer_comma		CODE           	02F3	0000	29
		_transfer_data 		CODE           	032F	0000	29

D:\MCUProject\ZH-YCQ-V1.0\src\lcd12864.c estimated size: 1405

D:\Program Files (x86)\Microchip\xc8\v1.30\sources\common\lbmod.c
		___lbmod       		CODE           	3F31	0000	24

D:\Program Files (x86)\Microchip\xc8\v1.30\sources\common\lbmod.c estimated size: 24

D:\MCUProject\ZH-YCQ-V1.0\src\pwm.c
		_init_pwm      		CODE           	053C	0000	27

D:\MCUProject\ZH-YCQ-V1.0\src\pwm.c estimated size: 27

D:\Program Files (x86)\Microchip\xc8\v1.30\sources\common\llmod.c
		___llmod       		CODE           	2625	0000	54

D:\Program Files (x86)\Microchip\xc8\v1.30\sources\common\llmod.c estimated size: 54

D:\Program Files (x86)\Microchip\xc8\v1.30\sources\common\doprnt.c
		_scale         		CODE           	3D71	0000	204
		_sprintf       		CODE           	2017	0000	1442
		_fround        		CODE           	3CE5	0000	140

D:\Program Files (x86)\Microchip\xc8\v1.30\sources\common\doprnt.c estimated size: 1786

D:\Program Files (x86)\Microchip\xc8\v1.30\sources\common\lbdiv.c
		___lbdiv       		CODE           	3F49	0000	24

D:\Program Files (x86)\Microchip\xc8\v1.30\sources\common\lbdiv.c estimated size: 24

D:\Program Files (x86)\Microchip\xc8\v1.30\sources\common\lldiv.c
		___lldiv       		CODE           	25E5	0000	64

D:\Program Files (x86)\Microchip\xc8\v1.30\sources\common\lldiv.c estimated size: 64

D:\Program Files (x86)\Microchip\xc8\v1.30\sources\common\ftsub.c
		___ftsub       		CODE           	275B	0000	23

D:\Program Files (x86)\Microchip\xc8\v1.30\sources\common\ftsub.c estimated size: 23

D:\MCUProject\ZH-YCQ-V1.0\src\led.c
		_init_led      		CODE           	0527	0000	5

D:\MCUProject\ZH-YCQ-V1.0\src\led.c estimated size: 5

D:\Program Files (x86)\Microchip\xc8\v1.30\sources\common\ftneg.c
		___ftneg       		CODE           	2669	0000	8

D:\Program Files (x86)\Microchip\xc8\v1.30\sources\common\ftneg.c estimated size: 8

D:\MCUProject\ZH-YCQ-V1.0\src\uart.c
		_save_sys_param		CODE           	3A84	0000	247
		_uart1_send_byt		CODE           	3C6C	0000	27
		_read_sys_param		CODE           	3A69	0000	13
		_init_uart1    		CODE           	0564	0000	18
		_read_run_data 		CODE           	3A76	0000	14
		_uart1_send_nby		CODE           	3C50	0000	28
		_handle_uart_rx		CODE           	2994	0000	828

D:\MCUProject\ZH-YCQ-V1.0\src\uart.c estimated size: 1175

D:\Program Files (x86)\Microchip\xc8\v1.30\sources\pic\eewrite.c
		_eeprom_write  		CODE           	3B7B	0000	29

D:\Program Files (x86)\Microchip\xc8\v1.30\sources\pic\eewrite.c estimated size: 29

D:\Program Files (x86)\Microchip\xc8\v1.30\sources\common\isdigit.c
		_isdigit       		CODE           	265B	0000	14

D:\Program Files (x86)\Microchip\xc8\v1.30\sources\common\isdigit.c estimated size: 14

D:\MCUProject\ZH-YCQ-V1.0\src\key.c
		_init_key      		CODE           	0579	0000	14
		_scan_key_value		CODE           	391A	0000	4294954460

D:\MCUProject\ZH-YCQ-V1.0\src\key.c estimated size: 4294954474

D:\Program Files (x86)\Microchip\xc8\v1.30\sources\common\fldivl.c
		__div_to_l_    		CODE           	3054	0000	168

D:\Program Files (x86)\Microchip\xc8\v1.30\sources\common\fldivl.c estimated size: 168

D:\Program Files (x86)\Microchip\xc8\v1.30\sources\common\bmul.c
		___bmul        		CODE           	0FF4	0000	12

D:\Program Files (x86)\Microchip\xc8\v1.30\sources\common\bmul.c estimated size: 12

D:\Program Files (x86)\Microchip\xc8\v1.30\sources\common\ftmul.c
		___ftmul       		CODE           	3ECC	0000	101

D:\Program Files (x86)\Microchip\xc8\v1.30\sources\common\ftmul.c estimated size: 101

D:\Program Files (x86)\Microchip\xc8\v1.30\sources\common\fttol.c
		___fttol       		CODE           	3B98	0000	85

D:\Program Files (x86)\Microchip\xc8\v1.30\sources\common\fttol.c estimated size: 85

D:\Program Files (x86)\Microchip\xc8\v1.30\sources\pic\ftdiv.c
		___ftdiv       		CODE           	3BED	0000	99

D:\Program Files (x86)\Microchip\xc8\v1.30\sources\pic\ftdiv.c estimated size: 99

D:\Program Files (x86)\Microchip\xc8\v1.30\sources\common\ftdivl.c
		__tdiv_to_l_   		CODE           	2790	0000	112

D:\Program Files (x86)\Microchip\xc8\v1.30\sources\common\ftdivl.c estimated size: 112

D:\Program Files (x86)\Microchip\xc8\v1.30\sources\common\awtoft.c
		___awtoft      		CODE           	2CD0	0000	28

D:\Program Files (x86)\Microchip\xc8\v1.30\sources\common\awtoft.c estimated size: 28

D:\MCUProject\ZH-YCQ-V1.0\src\interrupt.c
		_init_interrupt		CODE           	0576	0000	3
		_isr           		CODE           	0004	0000	290

D:\MCUProject\ZH-YCQ-V1.0\src\interrupt.c estimated size: 293

D:\MCUProject\ZH-YCQ-V1.0\src\delay.c
		_delay_us      		CODE           	0310	0000	31
		_delay_ms      		CODE           	2F39	0000	34

D:\MCUProject\ZH-YCQ-V1.0\src\delay.c estimated size: 65

D:\Program Files (x86)\Microchip\xc8\v1.30\sources\common\lltoft.c
		___lltoft      		CODE           	2772	0000	30

D:\Program Files (x86)\Microchip\xc8\v1.30\sources\common\lltoft.c estimated size: 30

D:\Program Files (x86)\Microchip\xc8\v1.30\sources\pic\eeread.c
		_eeprom_read   		CODE           	2982	0000	18

D:\Program Files (x86)\Microchip\xc8\v1.30\sources\pic\eeread.c estimated size: 18

D:\MCUProject\ZH-YCQ-V1.0\src\ird_remote.c
		_read_param_eep		CODE           	2909	0000	121

D:\MCUProject\ZH-YCQ-V1.0\src\ird_remote.c estimated size: 121

D:\Program Files (x86)\Microchip\xc8\v1.30\sources\common\awmod.c
		___awmod       		CODE           	3E93	0000	57

D:\Program Files (x86)\Microchip\xc8\v1.30\sources\common\awmod.c estimated size: 57

D:\Program Files (x86)\Microchip\xc8\v1.30\sources\common\awdiv.c
		___awdiv       		CODE           	3E52	0000	65

D:\Program Files (x86)\Microchip\xc8\v1.30\sources\common\awdiv.c estimated size: 65

